mode: set
github.com/KCuppens/bugwatch-go/bugwatch.go:17.43,19.16 2 1
github.com/KCuppens/bugwatch-go/bugwatch.go:19.16,21.3 1 1
github.com/KCuppens/bugwatch-go/bugwatch.go:23.2,27.12 4 1
github.com/KCuppens/bugwatch-go/bugwatch.go:31.34,35.2 3 1
github.com/KCuppens/bugwatch-go/bugwatch.go:39.41,41.19 2 0
github.com/KCuppens/bugwatch-go/bugwatch.go:41.19,43.3 1 0
github.com/KCuppens/bugwatch-go/bugwatch.go:44.2,44.37 1 0
github.com/KCuppens/bugwatch-go/bugwatch.go:49.53,51.19 2 0
github.com/KCuppens/bugwatch-go/bugwatch.go:51.19,53.3 1 0
github.com/KCuppens/bugwatch-go/bugwatch.go:54.2,54.42 1 0
github.com/KCuppens/bugwatch-go/bugwatch.go:59.73,61.19 2 0
github.com/KCuppens/bugwatch-go/bugwatch.go:61.19,63.3 1 0
github.com/KCuppens/bugwatch-go/bugwatch.go:64.2,64.53 1 0
github.com/KCuppens/bugwatch-go/bugwatch.go:71.35,72.30 1 0
github.com/KCuppens/bugwatch-go/bugwatch.go:72.30,74.20 2 0
github.com/KCuppens/bugwatch-go/bugwatch.go:74.20,76.4 1 0
github.com/KCuppens/bugwatch-go/bugwatch.go:78.3,79.24 2 0
github.com/KCuppens/bugwatch-go/bugwatch.go:80.14,81.11 1 0
github.com/KCuppens/bugwatch-go/bugwatch.go:82.15,83.29 1 0
github.com/KCuppens/bugwatch-go/bugwatch.go:84.11,85.36 1 0
github.com/KCuppens/bugwatch-go/bugwatch.go:88.3,92.12 4 0
github.com/KCuppens/bugwatch-go/bugwatch.go:92.12,94.4 1 0
github.com/KCuppens/bugwatch-go/bugwatch.go:96.3,96.31 1 0
github.com/KCuppens/bugwatch-go/bugwatch.go:101.14,103.19 2 0
github.com/KCuppens/bugwatch-go/bugwatch.go:103.19,105.3 1 0
github.com/KCuppens/bugwatch-go/bugwatch.go:106.2,106.16 1 0
github.com/KCuppens/bugwatch-go/bugwatch.go:110.14,112.19 2 1
github.com/KCuppens/bugwatch-go/bugwatch.go:112.19,114.3 1 0
github.com/KCuppens/bugwatch-go/bugwatch.go:115.2,119.19 4 1
github.com/KCuppens/bugwatch-go/client.go:21.67,22.20 1 1
github.com/KCuppens/bugwatch-go/client.go:22.20,24.3 1 0
github.com/KCuppens/bugwatch-go/client.go:26.2,28.26 2 1
github.com/KCuppens/bugwatch-go/client.go:28.26,30.3 1 1
github.com/KCuppens/bugwatch-go/client.go:32.2,39.19 3 1
github.com/KCuppens/bugwatch-go/client.go:39.19,42.3 1 0
github.com/KCuppens/bugwatch-go/client.go:44.2,44.20 1 1
github.com/KCuppens/bugwatch-go/client.go:49.61,51.2 1 1
github.com/KCuppens/bugwatch-go/client.go:55.93,56.16 1 1
github.com/KCuppens/bugwatch-go/client.go:56.16,58.3 1 1
github.com/KCuppens/bugwatch-go/client.go:60.2,74.56 5 1
github.com/KCuppens/bugwatch-go/client.go:74.56,76.3 1 1
github.com/KCuppens/bugwatch-go/client.go:79.2,87.39 3 1
github.com/KCuppens/bugwatch-go/client.go:87.39,89.3 1 1
github.com/KCuppens/bugwatch-go/client.go:90.2,90.52 1 1
github.com/KCuppens/bugwatch-go/client.go:90.52,92.3 1 1
github.com/KCuppens/bugwatch-go/client.go:93.2,93.45 1 1
github.com/KCuppens/bugwatch-go/client.go:93.45,95.3 1 1
github.com/KCuppens/bugwatch-go/client.go:98.2,101.28 2 1
github.com/KCuppens/bugwatch-go/client.go:101.28,103.19 2 1
github.com/KCuppens/bugwatch-go/client.go:103.19,104.18 1 1
github.com/KCuppens/bugwatch-go/client.go:104.18,106.5 1 0
github.com/KCuppens/bugwatch-go/client.go:107.4,107.13 1 1
github.com/KCuppens/bugwatch-go/client.go:111.2,111.16 1 1
github.com/KCuppens/bugwatch-go/client.go:111.16,113.3 1 0
github.com/KCuppens/bugwatch-go/client.go:115.2,115.56 1 1
github.com/KCuppens/bugwatch-go/client.go:115.56,116.17 1 0
github.com/KCuppens/bugwatch-go/client.go:116.17,118.4 1 0
github.com/KCuppens/bugwatch-go/client.go:121.2,121.17 1 1
github.com/KCuppens/bugwatch-go/client.go:126.73,140.48 5 1
github.com/KCuppens/bugwatch-go/client.go:140.48,142.3 1 1
github.com/KCuppens/bugwatch-go/client.go:144.2,153.28 3 1
github.com/KCuppens/bugwatch-go/client.go:153.28,155.19 2 0
github.com/KCuppens/bugwatch-go/client.go:155.19,156.18 1 0
github.com/KCuppens/bugwatch-go/client.go:156.18,158.5 1 0
github.com/KCuppens/bugwatch-go/client.go:159.4,159.13 1 0
github.com/KCuppens/bugwatch-go/client.go:163.2,163.16 1 1
github.com/KCuppens/bugwatch-go/client.go:163.16,165.3 1 0
github.com/KCuppens/bugwatch-go/client.go:167.2,167.56 1 1
github.com/KCuppens/bugwatch-go/client.go:167.56,168.17 1 0
github.com/KCuppens/bugwatch-go/client.go:168.17,170.4 1 0
github.com/KCuppens/bugwatch-go/client.go:173.2,173.17 1 1
github.com/KCuppens/bugwatch-go/client.go:177.35,179.2 0 1
github.com/KCuppens/bugwatch-go/client.go:182.34,184.2 1 1
github.com/KCuppens/bugwatch-go/context.go:16.71,18.2 1 1
github.com/KCuppens/bugwatch-go/context.go:21.48,24.2 2 1
github.com/KCuppens/bugwatch-go/context.go:28.72,34.2 5 1
github.com/KCuppens/bugwatch-go/context.go:37.55,40.2 2 1
github.com/KCuppens/bugwatch-go/context.go:43.82,45.2 1 1
github.com/KCuppens/bugwatch-go/context.go:48.61,51.2 2 1
github.com/KCuppens/bugwatch-go/fingerprint.go:10.52,13.30 2 1
github.com/KCuppens/bugwatch-go/fingerprint.go:13.30,17.53 3 1
github.com/KCuppens/bugwatch-go/fingerprint.go:17.53,18.36 1 1
github.com/KCuppens/bugwatch-go/fingerprint.go:18.36,19.20 1 1
github.com/KCuppens/bugwatch-go/fingerprint.go:19.20,22.11 3 1
github.com/KCuppens/bugwatch-go/fingerprint.go:28.2,30.32 3 1
github.com/KCuppens/bugwatch-go/options.go:38.43,39.20 1 1
github.com/KCuppens/bugwatch-go/options.go:39.20,41.3 1 1
github.com/KCuppens/bugwatch-go/options.go:43.2,43.25 1 1
github.com/KCuppens/bugwatch-go/options.go:43.25,45.3 1 1
github.com/KCuppens/bugwatch-go/options.go:47.2,47.21 1 1
github.com/KCuppens/bugwatch-go/options.go:47.21,49.3 1 1
github.com/KCuppens/bugwatch-go/options.go:51.2,51.14 1 1
github.com/KCuppens/bugwatch-go/options.go:51.14,53.61 2 1
github.com/KCuppens/bugwatch-go/options.go:53.61,55.4 1 0
github.com/KCuppens/bugwatch-go/options.go:58.2,58.23 1 1
github.com/KCuppens/bugwatch-go/options.go:58.23,60.3 1 1
github.com/KCuppens/bugwatch-go/stacktrace.go:10.46,15.12 4 1
github.com/KCuppens/bugwatch-go/stacktrace.go:15.12,17.3 1 0
github.com/KCuppens/bugwatch-go/stacktrace.go:18.2,23.6 4 1
github.com/KCuppens/bugwatch-go/stacktrace.go:23.6,35.12 4 1
github.com/KCuppens/bugwatch-go/stacktrace.go:35.12,36.9 1 1
github.com/KCuppens/bugwatch-go/stacktrace.go:40.2,42.3 1 1
github.com/KCuppens/bugwatch-go/stacktrace.go:47.40,49.59 2 1
github.com/KCuppens/bugwatch-go/stacktrace.go:49.59,51.3 1 0
github.com/KCuppens/bugwatch-go/stacktrace.go:52.2,52.92 1 1
github.com/KCuppens/bugwatch-go/stacktrace.go:52.92,54.3 1 0
github.com/KCuppens/bugwatch-go/stacktrace.go:55.2,55.100 1 1
github.com/KCuppens/bugwatch-go/stacktrace.go:55.100,57.3 1 0
github.com/KCuppens/bugwatch-go/stacktrace.go:58.2,58.13 1 1
github.com/KCuppens/bugwatch-go/transport.go:25.64,33.2 1 1
github.com/KCuppens/bugwatch-go/transport.go:36.55,38.16 2 1
github.com/KCuppens/bugwatch-go/transport.go:38.16,40.3 1 0
github.com/KCuppens/bugwatch-go/transport.go:42.2,44.16 3 1
github.com/KCuppens/bugwatch-go/transport.go:44.16,46.3 1 0
github.com/KCuppens/bugwatch-go/transport.go:48.2,52.16 4 1
github.com/KCuppens/bugwatch-go/transport.go:52.16,54.3 1 0
github.com/KCuppens/bugwatch-go/transport.go:55.2,55.15 1 1
github.com/KCuppens/bugwatch-go/transport.go:55.15,58.3 2 1
github.com/KCuppens/bugwatch-go/transport.go:60.2,60.53 1 1
github.com/KCuppens/bugwatch-go/transport.go:60.53,62.3 1 1
github.com/KCuppens/bugwatch-go/transport.go:64.2,64.12 1 1
github.com/KCuppens/bugwatch-go/transport.go:71.51,73.2 1 1
github.com/KCuppens/bugwatch-go/transport.go:79.58,81.16 2 1
github.com/KCuppens/bugwatch-go/transport.go:81.16,83.3 1 0
github.com/KCuppens/bugwatch-go/transport.go:84.2,85.12 2 1
github.com/KCuppens/bugwatch-go/uuid.go:9.28,17.2 5 1
